// Jest Snapshot v1, https://goo.gl/fbAQLP

exports[`test ViewTab component  Should render the component to match the snapshot 1`] = `ShallowWrapper {}`;

exports[`test ViewTab component  ViewTab component renders correctly 1`] = `ShallowWrapper {}`;
